  BattleScene.cpp
C:\Users\ehdtk\Desktop\Fork\ConsoleProject\ConsoleProject\CursorControl.h(18,17): warning C4838: 'int'에서 'SHORT'(으)로의 변환에는 축소 변환이 필요합니다.
  (소스 파일 'BattleScene.cpp'을(를) 컴파일하는 중)
  
C:\Users\ehdtk\Desktop\Fork\ConsoleProject\ConsoleProject\CursorControl.h(18,19): warning C4838: 'int'에서 'SHORT'(으)로의 변환에는 축소 변환이 필요합니다.
  (소스 파일 'BattleScene.cpp'을(를) 컴파일하는 중)
  
  DungeonScene.cpp
C:\Users\ehdtk\Desktop\Fork\ConsoleProject\ConsoleProject\CursorControl.h(18,17): warning C4838: 'int'에서 'SHORT'(으)로의 변환에는 축소 변환이 필요합니다.
  (소스 파일 'DungeonScene.cpp'을(를) 컴파일하는 중)
  
C:\Users\ehdtk\Desktop\Fork\ConsoleProject\ConsoleProject\CursorControl.h(18,19): warning C4838: 'int'에서 'SHORT'(으)로의 변환에는 축소 변환이 필요합니다.
  (소스 파일 'DungeonScene.cpp'을(를) 컴파일하는 중)
  
C:\Users\ehdtk\Desktop\Fork\ConsoleProject\ConsoleProject\DungeonScene.cpp(14,20): warning C4244: '인수': 'double'에서 'int'(으)로 변환하면서 데이터가 손실될 수 있습니다.
C:\Users\ehdtk\Desktop\Fork\ConsoleProject\ConsoleProject\DungeonScene.cpp(16,77): warning C4244: '인수': 'double'에서 'int'(으)로 변환하면서 데이터가 손실될 수 있습니다.
C:\Users\ehdtk\Desktop\Fork\ConsoleProject\ConsoleProject\DungeonScene.cpp(16,62): warning C4244: '인수': 'double'에서 'int'(으)로 변환하면서 데이터가 손실될 수 있습니다.
C:\Users\ehdtk\Desktop\Fork\ConsoleProject\ConsoleProject\DungeonScene.cpp(18,41): warning C4244: '인수': 'double'에서 'int'(으)로 변환하면서 데이터가 손실될 수 있습니다.
  Game.cpp
C:\Users\ehdtk\Desktop\Fork\ConsoleProject\ConsoleProject\CursorControl.h(18,17): warning C4838: 'int'에서 'SHORT'(으)로의 변환에는 축소 변환이 필요합니다.
  (소스 파일 'Game.cpp'을(를) 컴파일하는 중)
  
C:\Users\ehdtk\Desktop\Fork\ConsoleProject\ConsoleProject\CursorControl.h(18,19): warning C4838: 'int'에서 'SHORT'(으)로의 변환에는 축소 변환이 필요합니다.
  (소스 파일 'Game.cpp'을(를) 컴파일하는 중)
  
  CursorControl.cpp
C:\Users\ehdtk\Desktop\Fork\ConsoleProject\ConsoleProject\CursorControl.h(18,17): warning C4838: 'int'에서 'SHORT'(으)로의 변환에는 축소 변환이 필요합니다.
  (소스 파일 'CursorControl.cpp'을(를) 컴파일하는 중)
  
C:\Users\ehdtk\Desktop\Fork\ConsoleProject\ConsoleProject\CursorControl.h(18,19): warning C4838: 'int'에서 'SHORT'(으)로의 변환에는 축소 변환이 필요합니다.
  (소스 파일 'CursorControl.cpp'을(를) 컴파일하는 중)
  
  InventoryScene.cpp
C:\Users\ehdtk\Desktop\Fork\ConsoleProject\ConsoleProject\CursorControl.h(18,17): warning C4838: 'int'에서 'SHORT'(으)로의 변환에는 축소 변환이 필요합니다.
  (소스 파일 'InventoryScene.cpp'을(를) 컴파일하는 중)
  
C:\Users\ehdtk\Desktop\Fork\ConsoleProject\ConsoleProject\CursorControl.h(18,19): warning C4838: 'int'에서 'SHORT'(으)로의 변환에는 축소 변환이 필요합니다.
  (소스 파일 'InventoryScene.cpp'을(를) 컴파일하는 중)
  
C:\Users\ehdtk\Desktop\Fork\ConsoleProject\ConsoleProject\InventoryScene.cpp(168,25): warning C4267: 'return': 'size_t'에서 'int'(으)로 변환하면서 데이터가 손실될 수 있습니다.
C:\Users\ehdtk\Desktop\Fork\ConsoleProject\ConsoleProject\InventoryScene.cpp(166,14): warning C4101: 'ui' :참조되지 않은 지역 변수입니다.
C:\Users\ehdtk\Desktop\Fork\ConsoleProject\ConsoleProject\InventoryScene.cpp(167,19): warning C4101: 'cursor' :참조되지 않은 지역 변수입니다.
  Item.cpp
  LobbyScene.cpp
C:\Users\ehdtk\Desktop\Fork\ConsoleProject\ConsoleProject\CursorControl.h(18,17): warning C4838: 'int'에서 'SHORT'(으)로의 변환에는 축소 변환이 필요합니다.
  (소스 파일 'LobbyScene.cpp'을(를) 컴파일하는 중)
  
C:\Users\ehdtk\Desktop\Fork\ConsoleProject\ConsoleProject\CursorControl.h(18,19): warning C4838: 'int'에서 'SHORT'(으)로의 변환에는 축소 변환이 필요합니다.
  (소스 파일 'LobbyScene.cpp'을(를) 컴파일하는 중)
  
  main.cpp
  Monster.cpp
C:\Users\ehdtk\Desktop\Fork\ConsoleProject\ConsoleProject\CursorControl.h(18,17): warning C4838: 'int'에서 'SHORT'(으)로의 변환에는 축소 변환이 필요합니다.
  (소스 파일 'Monster.cpp'을(를) 컴파일하는 중)
  
C:\Users\ehdtk\Desktop\Fork\ConsoleProject\ConsoleProject\CursorControl.h(18,19): warning C4838: 'int'에서 'SHORT'(으)로의 변환에는 축소 변환이 필요합니다.
  (소스 파일 'Monster.cpp'을(를) 컴파일하는 중)
  
C:\Users\ehdtk\Desktop\Fork\ConsoleProject\ConsoleProject\Monster.cpp(6,16): warning C4101: 'cursor' :참조되지 않은 지역 변수입니다.
  Player.cpp
C:\Users\ehdtk\Desktop\Fork\ConsoleProject\ConsoleProject\CursorControl.h(18,17): warning C4838: 'int'에서 'SHORT'(으)로의 변환에는 축소 변환이 필요합니다.
  (소스 파일 'Player.cpp'을(를) 컴파일하는 중)
  
C:\Users\ehdtk\Desktop\Fork\ConsoleProject\ConsoleProject\CursorControl.h(18,19): warning C4838: 'int'에서 'SHORT'(으)로의 변환에는 축소 변환이 필요합니다.
  (소스 파일 'Player.cpp'을(를) 컴파일하는 중)
  
  Poker.cpp
C:\Users\ehdtk\Desktop\Fork\ConsoleProject\ConsoleProject\CursorControl.h(18,17): warning C4838: 'int'에서 'SHORT'(으)로의 변환에는 축소 변환이 필요합니다.
  (소스 파일 'Poker.cpp'을(를) 컴파일하는 중)
  
C:\Users\ehdtk\Desktop\Fork\ConsoleProject\ConsoleProject\CursorControl.h(18,19): warning C4838: 'int'에서 'SHORT'(으)로의 변환에는 축소 변환이 필요합니다.
  (소스 파일 'Poker.cpp'을(를) 컴파일하는 중)
  
C:\Users\ehdtk\Desktop\Fork\ConsoleProject\ConsoleProject\Poker.cpp(191,20): warning C4244: '인수': 'time_t'에서 'unsigned int'(으)로 변환하면서 데이터가 손실될 수 있습니다.
C:\Users\ehdtk\Desktop\Fork\ConsoleProject\ConsoleProject\Poker.cpp(601,14): warning C4101: 'ui' :참조되지 않은 지역 변수입니다.
C:\Users\ehdtk\Desktop\Fork\ConsoleProject\ConsoleProject\Poker.cpp(691,14): warning C4101: 'ui' :참조되지 않은 지역 변수입니다.
C:\Users\ehdtk\Desktop\Fork\ConsoleProject\ConsoleProject\Poker.cpp(714,13): warning C4551: 함수 호출에 인수 목록이 없습니다.
  StoreScene.cpp
C:\Users\ehdtk\Desktop\Fork\ConsoleProject\ConsoleProject\CursorControl.h(18,17): warning C4838: 'int'에서 'SHORT'(으)로의 변환에는 축소 변환이 필요합니다.
  (소스 파일 'StoreScene.cpp'을(를) 컴파일하는 중)
  
C:\Users\ehdtk\Desktop\Fork\ConsoleProject\ConsoleProject\CursorControl.h(18,19): warning C4838: 'int'에서 'SHORT'(으)로의 변환에는 축소 변환이 필요합니다.
  (소스 파일 'StoreScene.cpp'을(를) 컴파일하는 중)
  
  TitleScene.cpp
C:\Users\ehdtk\Desktop\Fork\ConsoleProject\ConsoleProject\CursorControl.h(18,17): warning C4838: 'int'에서 'SHORT'(으)로의 변환에는 축소 변환이 필요합니다.
  (소스 파일 'TitleScene.cpp'을(를) 컴파일하는 중)
  
C:\Users\ehdtk\Desktop\Fork\ConsoleProject\ConsoleProject\CursorControl.h(18,19): warning C4838: 'int'에서 'SHORT'(으)로의 변환에는 축소 변환이 필요합니다.
  (소스 파일 'TitleScene.cpp'을(를) 컴파일하는 중)
  
  UIDesign.cpp
C:\Users\ehdtk\Desktop\Fork\ConsoleProject\ConsoleProject\CursorControl.h(18,17): warning C4838: 'int'에서 'SHORT'(으)로의 변환에는 축소 변환이 필요합니다.
  (소스 파일 'UIDesign.cpp'을(를) 컴파일하는 중)
  
C:\Users\ehdtk\Desktop\Fork\ConsoleProject\ConsoleProject\CursorControl.h(18,19): warning C4838: 'int'에서 'SHORT'(으)로의 변환에는 축소 변환이 필요합니다.
  (소스 파일 'UIDesign.cpp'을(를) 컴파일하는 중)
  
  Unit.cpp
C:\Users\ehdtk\Desktop\Fork\ConsoleProject\ConsoleProject\Unit.cpp(23,9): warning C4244: 'return': 'double'에서 'int'(으)로 변환하면서 데이터가 손실될 수 있습니다.
  코드를 생성하고 있습니다...
C:\Users\ehdtk\Desktop\Fork\ConsoleProject\ConsoleProject\BattleScene.cpp(79,1): warning C4715: 'BattleScene::runScene': 모든 제어 경로에서 값을 반환하지는 않습니다.
  ConsoleProject.vcxproj -> C:\Users\ehdtk\Desktop\Fork\ConsoleProject\ConsoleProject\x64\Debug\ConsoleProject.exe
